---
source: crates/pessimistic-proof-test-suite/tests/cycle-tracker.rs
expression: stats
snapshot_kind: text
---
gas: 3348637
opcode counts (937701 total instructions):
    243316 add
    142232 sw
    113267 lw
    110439 lbu
     64396 sb
     56445 bne
     43235 xor
     35546 bltu
     20513 beq
     20132 and
     13165 jalr
     12897 or
     11008 sll
     10382 sltu
      9336 srl
      8270 sub
      6587 auipc
      3099 mul
      2901 ecall
      2812 jal
      2388 mulhu
      2095 bgeu
      1526 lb
       869 lhu
       567 sh
       162 sra
       102 slt
        13 blt
         1 lh
syscall counts (2901 total syscall instructions):
    1536 secp256k1_double
     757 secp256k1_add
     562 keccak_permute
      11 hint_len
      11 hint_read
       8 commit
       8 commit_deferred_proofs
       6 enter_unconstrained
       1 halt
       1 write
