---
source: crates/pessimistic-proof-test-suite/tests/cycle-tracker.rs
expression: stats
snapshot_kind: text
---
gas: 4972554
opcode counts (2231098 total instructions):
    561028 add
    343043 sw
    285127 lbu
    271187 lw
    164917 sb
    141290 bne
    100395 xor
     83569 bltu
     47791 and
     38781 beq
     34428 or
     27935 jalr
     27359 sll
     21040 sltu
     20894 sub
     15576 srl
     13972 auipc
      6543 lb
      5267 jal
      5173 bgeu
      4015 mul
      3817 lhu
      3621 ecall
      2390 mulhu
      1304 sh
       460 slt
       162 sra
        13 blt
         1 lh
syscall counts (3621 total syscall instructions):
    1536 secp256k1_double
    1297 keccak_permute
     742 secp256k1_add
      11 hint_len
      11 hint_read
       8 commit
       8 commit_deferred_proofs
       6 enter_unconstrained
       1 halt
       1 write
