---
source: crates/pessimistic-proof-test-suite/tests/cycle-tracker.rs
expression: stats
snapshot_kind: text
---
gas: 2166516
opcode counts (227871 total instructions):
    62001 add
    26142 sw
    25504 lw
    18882 lbu
    11009 beq
    10654 bne
    10613 sb
     8859 xor
     6539 srl
     5794 bltu
     5742 sll
     5656 sltu
     5639 and
     5159 jalr
     5055 or
     2584 auipc
     2552 mul
     2409 sub
     2403 ecall
     2384 mulhu
     1482 jal
      388 bgeu
      162 sra
      136 lb
       93 sh
       15 lhu
       13 blt
        1 lh
        1 bge
syscall counts (2403 total syscall instructions):
    1536 secp256k1_double
     742 secp256k1_add
      79 keccak_permute
      11 hint_len
      11 hint_read
       8 commit
       8 commit_deferred_proofs
       6 enter_unconstrained
       1 halt
       1 write
