---
source: crates/pessimistic-proof-test-suite/tests/cycle-tracker.rs
expression: stats
snapshot_kind: text
---
gas: 3350420
opcode counts (912271 total instructions):
    240053 add
    141132 sw
    118666 lw
     92548 lbu
     65330 sb
     42291 bne
     37236 beq
     34387 xor
     29951 bltu
     20300 jalr
     16331 and
     10900 srl
     10865 or
     10155 auipc
      9802 sll
      8419 sltu
      5557 sub
      5033 lb
      2941 mul
      2791 ecall
      2691 jal
      2384 mulhu
      1568 bgeu
       708 sh
       162 sra
        27 lhu
        25 lh
        13 blt
         4 slt
         1 bge
syscall counts (2791 total syscall instructions):
    1536 secp256k1_double
     744 secp256k1_add
     465 keccak_permute
      11 hint_len
      11 hint_read
       8 commit
       8 commit_deferred_proofs
       6 enter_unconstrained
       1 halt
       1 write
