---
source: crates/pessimistic-proof-test-suite/tests/cycle-tracker.rs
expression: stats
snapshot_kind: text
---
gas: 4615534
opcode counts (1652130 total instructions):
    426332 add
    259279 sw
    202815 lbu
    201724 lw
    118765 sb
    102552 bne
     77877 xor
     65398 bltu
     34701 and
     30344 beq
     21333 jalr
     20274 or
     15796 sll
     15121 sltu
     14146 sub
     11640 srl
     10671 auipc
      3979 jal
      3814 bgeu
      3642 mul
      3392 ecall
      2976 lb
      2389 mulhu
      1726 lhu
      1056 sh
       212 slt
       162 sra
        13 blt
         1 lh
syscall counts (3392 total syscall instructions):
    1536 secp256k1_double
    1049 keccak_permute
     761 secp256k1_add
      11 hint_len
      11 hint_read
       8 commit
       8 commit_deferred_proofs
       6 enter_unconstrained
       1 halt
       1 write
