---
source: crates/pessimistic-proof-test-suite/tests/cycle-tracker.rs
expression: stats
snapshot_kind: text
---
gas: 2166516
opcode counts (228989 total instructions):
    62296 add
    26274 sw
    25718 lw
    18886 lbu
    11184 beq
    10613 sb
    10613 bne
     8859 xor
     6539 srl
     5794 bltu
     5742 sll
     5656 sltu
     5639 and
     5291 jalr
     5055 or
     2650 auipc
     2552 mul
     2477 sub
     2436 ecall
     2384 mulhu
     1522 jal
      388 bgeu
      162 sra
      136 lb
       93 sh
       15 lhu
       13 blt
        1 lh
        1 bge
syscall counts (2436 total syscall instructions):
    1536 secp256k1_double
     775 secp256k1_add
      79 keccak_permute
      11 hint_len
      11 hint_read
       8 commit
       8 commit_deferred_proofs
       6 enter_unconstrained
       1 halt
       1 write
